// Jest Snapshot v1, https://goo.gl/fbAQLP

exports[`should take a snapshot 1`] = `
<div>
  <div>
    <h4
      class="MuiTypography-root MuiTypography-h4 css-mocked-MuiTypography-root"
      style="color: rgb(255, 255, 255);"
    >
      Unknown email address. Either this user does not exist, or you do not have permissions to view them.
       
      <a
        href="/"
      >
        Users
      </a>
    </h4>
  </div>
</div>
`;
