// Jest Snapshot v1, https://goo.gl/fbAQLP

exports[`should take a snapshot 1`] = `
<div>
  <div>
    <div>
      <h3
        class="panel-header"
      >
        CV Manager Organizations
        <button
          class="plus_button"
          title="Add Organization"
        >
          <svg
            fill="currentColor"
            height="20"
            stroke="currentColor"
            stroke-width="0"
            viewBox="0 0 1024 1024"
            width="20"
            xmlns="http://www.w3.org/2000/svg"
          >
            <path
              d="M696 480H544V328c0-4.4-3.6-8-8-8h-48c-4.4 0-8 3.6-8 8v152H328c-4.4 0-8 3.6-8 8v48c0 4.4 3.6 8 8 8h152v152c0 4.4 3.6 8 8 8h48c4.4 0 8-3.6 8-8V544h152c4.4 0 8-3.6 8-8v-48c0-4.4-3.6-8-8-8z"
            />
            <path
              d="M512 64C264.6 64 64 264.6 64 512s200.6 448 448 448 448-200.6 448-448S759.4 64 512 64zm0 820c-205.4 0-372-166.6-372-372s166.6-372 372-372 372 166.6 372 372-166.6 372-372 372z"
            />
          </svg>
        </button>
        <button
          class="plus_button"
          title="Refresh Organizations"
        >
          <svg
            fill="currentColor"
            height="20"
            stroke="currentColor"
            stroke-width="0"
            viewBox="0 0 512 512"
            width="20"
            xmlns="http://www.w3.org/2000/svg"
          >
            <path
              d="M320 146s24.36-12-64-12a160 160 0 10160 160"
              fill="none"
              stroke-linecap="round"
              stroke-miterlimit="10"
              stroke-width="32"
            />
            <path
              d="M256 58l80 80-80 80"
              fill="none"
              stroke-linecap="round"
              stroke-linejoin="round"
              stroke-width="32"
            />
          </svg>
        </button>
      </h3>
    </div>
    <div>
      <div
        class="MuiGrid-root MuiGrid-container css-mocked-MuiGrid-root"
      >
        <div
          class="MuiGrid-root MuiGrid-item css-mocked-MuiGrid-root"
        >
          <div
            aria-autocomplete="list"
            aria-busy="false"
            aria-controls="rw_2_listbox"
            aria-disabled="false"
            aria-expanded="false"
            aria-haspopup="listbox"
            aria-owns="rw_2_listbox"
            aria-readonly="false"
            class="form-dropdown rw-dropdown-list rw-widget"
            data-intent="mouse"
            id="rw_1_input"
            role="combobox"
            style="width: 250px;"
            tabindex="-1"
          >
            <div
              class="rw-widget-input rw-widget-picker rw-widget-container"
              tabindex="-1"
            >
              <div
                class="rw-dropdown-list-input"
              >
                <input
                  aria-hidden="true"
                  class="rw-detect-autofill rw-sr"
                  tabindex="-1"
                  value=""
                />
                <input
                  autocomplete="off"
                  class="rw-dropdownlist-search"
                  size="2"
                  value=""
                />
                <span
                  class="rw-dropdown-list-value"
                >
                  [object Object]
                </span>
              </div>
              <span
                aria-hidden="true"
                class="rw-btn rw-picker-caret"
              >
                <svg
                  aria-hidden="true"
                  fill="currentcolor"
                  height="1em"
                  viewBox="0 0 320 512"
                  xmlns="http://www.w3.org/2000/svg"
                >
                  <path
                    d="M31.3 192h257.3c17.8 0 26.7 21.5 14.1 34.1L174.1 354.8c-7.8 7.8-20.5 7.8-28.3 0L17.2 226.1C4.6 213.5 13.5 192 31.3 192z"
                  />
                </svg>
              </span>
            </div>
          </div>
        </div>
        <div
          class="MuiGrid-root MuiGrid-item css-mocked-MuiGrid-root"
        >
          <button
            class="delete_button"
            title="Edit Organization"
          >
            <svg
              aria-hidden="true"
              class="MuiSvgIcon-root MuiSvgIcon-fontSizeMedium css-mocked-MuiSvgIcon-root"
              data-testid="EditIcon"
              focusable="false"
              size="20"
              style="color: white;"
              viewBox="0 0 24 24"
            >
              <path
                d="M3 17.25V21h3.75L17.81 9.94l-3.75-3.75zM20.71 7.04c.39-.39.39-1.02 0-1.41l-2.34-2.34a.9959.9959 0 0 0-1.41 0l-1.83 1.83 3.75 3.75z"
              />
            </svg>
          </button>
        </div>
        <div
          class="MuiGrid-root MuiGrid-item css-mocked-MuiGrid-root"
        >
          <div>
            <button
              class="delete_button"
              title="Delete Organization"
            >
              <svg
                aria-hidden="true"
                class="MuiSvgIcon-root MuiSvgIcon-fontSizeMedium css-mocked-MuiSvgIcon-root"
                data-testid="DeleteIcon"
                focusable="false"
                size="20"
                style="color: white;"
                viewBox="0 0 24 24"
              >
                <path
                  d="M6 19c0 1.1.9 2 2 2h8c1.1 0 2-.9 2-2V7H6zM19 4h-3.5l-1-1h-5l-1 1H5v2h14z"
                />
              </svg>
            </button>
          </div>
        </div>
      </div>
      <div
        class="scroll-div-org-tab"
      >
        <div
          class="accordion"
        >
          <div
            class="MuiPaper-root MuiPaper-elevation MuiPaper-rounded MuiPaper-elevation1 MuiAccordion-root MuiAccordion-rounded MuiAccordion-gutters accordion-content css-mocked-MuiPaper-root-MuiAccordion-root"
          >
            <div
              aria-controls="panel1a-content"
              aria-expanded="false"
              class="MuiButtonBase-root MuiAccordionSummary-root MuiAccordionSummary-gutters css-mocked-MuiButtonBase-root-MuiAccordionSummary-root"
              id="panel1a-header"
              role="button"
              tabindex="0"
            >
              <div
                class="MuiAccordionSummary-content MuiAccordionSummary-contentGutters css-mocked-MuiAccordionSummary-content"
              >
                <p
                  class="MuiTypography-root MuiTypography-body1 css-mocked-MuiTypography-root"
                  style="font-size: 18px;"
                >
                   RSUs
                </p>
              </div>
              <div
                class="MuiAccordionSummary-expandIconWrapper css-mocked-MuiAccordionSummary-expandIconWrapper"
              >
                <svg
                  aria-hidden="true"
                  class="MuiSvgIcon-root MuiSvgIcon-fontSizeMedium expand css-mocked-MuiSvgIcon-root"
                  data-testid="ExpandMoreIcon"
                  focusable="false"
                  viewBox="0 0 24 24"
                >
                  <path
                    d="M16.59 8.59 12 13.17 7.41 8.59 6 10l6 6 6-6z"
                  />
                </svg>
              </div>
            </div>
            <div
              class="MuiCollapse-root MuiCollapse-vertical MuiCollapse-hidden css-mocked-MuiCollapse-root"
              style="min-height: 0px;"
            >
              <div
                class="MuiCollapse-wrapper MuiCollapse-vertical css-mocked-MuiCollapse-wrapper"
              >
                <div
                  class="MuiCollapse-wrapperInner MuiCollapse-vertical css-mocked-MuiCollapse-wrapperInner"
                >
                  <div
                    aria-labelledby="panel1a-header"
                    class="MuiAccordion-region"
                    id="panel1a-content"
                    role="region"
                  >
                    <div
                      class="MuiAccordionDetails-root css-mocked-MuiAccordionDetails-root"
                    />
                  </div>
                </div>
              </div>
            </div>
          </div>
        </div>
        <div
          class="accordion"
        >
          <div
            class="MuiPaper-root MuiPaper-elevation MuiPaper-rounded MuiPaper-elevation1 MuiAccordion-root MuiAccordion-rounded MuiAccordion-gutters accordion-content css-mocked-MuiPaper-root-MuiAccordion-root"
          >
            <div
              aria-controls="panel1a-content"
              aria-expanded="false"
              class="MuiButtonBase-root MuiAccordionSummary-root MuiAccordionSummary-gutters css-mocked-MuiButtonBase-root-MuiAccordionSummary-root"
              id="panel1a-header"
              role="button"
              tabindex="0"
            >
              <div
                class="MuiAccordionSummary-content MuiAccordionSummary-contentGutters css-mocked-MuiAccordionSummary-content"
              >
                <p
                  class="MuiTypography-root MuiTypography-body1 css-mocked-MuiTypography-root"
                  style="font-size: 18px;"
                >
                   Intersections
                </p>
              </div>
              <div
                class="MuiAccordionSummary-expandIconWrapper css-mocked-MuiAccordionSummary-expandIconWrapper"
              >
                <svg
                  aria-hidden="true"
                  class="MuiSvgIcon-root MuiSvgIcon-fontSizeMedium expand css-mocked-MuiSvgIcon-root"
                  data-testid="ExpandMoreIcon"
                  focusable="false"
                  viewBox="0 0 24 24"
                >
                  <path
                    d="M16.59 8.59 12 13.17 7.41 8.59 6 10l6 6 6-6z"
                  />
                </svg>
              </div>
            </div>
            <div
              class="MuiCollapse-root MuiCollapse-vertical MuiCollapse-hidden css-mocked-MuiCollapse-root"
              style="min-height: 0px;"
            >
              <div
                class="MuiCollapse-wrapper MuiCollapse-vertical css-mocked-MuiCollapse-wrapper"
              >
                <div
                  class="MuiCollapse-wrapperInner MuiCollapse-vertical css-mocked-MuiCollapse-wrapperInner"
                >
                  <div
                    aria-labelledby="panel1a-header"
                    class="MuiAccordion-region"
                    id="panel1a-content"
                    role="region"
                  >
                    <div
                      class="MuiAccordionDetails-root css-mocked-MuiAccordionDetails-root"
                    />
                  </div>
                </div>
              </div>
            </div>
          </div>
        </div>
        <div>
          <div
            class="MuiPaper-root MuiPaper-elevation MuiPaper-rounded MuiPaper-elevation1 MuiAccordion-root MuiAccordion-rounded MuiAccordion-gutters css-mocked-MuiPaper-root-MuiAccordion-root"
          >
            <div
              aria-controls="panel1a-content"
              aria-expanded="false"
              class="MuiButtonBase-root MuiAccordionSummary-root MuiAccordionSummary-gutters css-mocked-MuiButtonBase-root-MuiAccordionSummary-root"
              id="panel1a-header"
              role="button"
              tabindex="0"
            >
              <div
                class="MuiAccordionSummary-content MuiAccordionSummary-contentGutters css-mocked-MuiAccordionSummary-content"
              >
                <p
                  class="MuiTypography-root MuiTypography-body1 css-mocked-MuiTypography-root"
                  style="font-size: 18px;"
                >
                   Users
                </p>
              </div>
              <div
                class="MuiAccordionSummary-expandIconWrapper css-mocked-MuiAccordionSummary-expandIconWrapper"
              >
                <svg
                  aria-hidden="true"
                  class="MuiSvgIcon-root MuiSvgIcon-fontSizeMedium expand css-mocked-MuiSvgIcon-root"
                  data-testid="ExpandMoreIcon"
                  focusable="false"
                  viewBox="0 0 24 24"
                >
                  <path
                    d="M16.59 8.59 12 13.17 7.41 8.59 6 10l6 6 6-6z"
                  />
                </svg>
              </div>
            </div>
            <div
              class="MuiCollapse-root MuiCollapse-vertical MuiCollapse-hidden css-mocked-MuiCollapse-root"
              style="min-height: 0px;"
            >
              <div
                class="MuiCollapse-wrapper MuiCollapse-vertical css-mocked-MuiCollapse-wrapper"
              >
                <div
                  class="MuiCollapse-wrapperInner MuiCollapse-vertical css-mocked-MuiCollapse-wrapperInner"
                >
                  <div
                    aria-labelledby="panel1a-header"
                    class="MuiAccordion-region"
                    id="panel1a-content"
                    role="region"
                  >
                    <div
                      class="MuiAccordionDetails-root css-mocked-MuiAccordionDetails-root"
                    />
                  </div>
                </div>
              </div>
            </div>
          </div>
        </div>
      </div>
    </div>
  </div>
</div>
`;
