// Jest Snapshot v1, https://goo.gl/fbAQLP

exports[`should take a snapshot 1`] = `
<div>
  <div
    id="masterdiv"
  >
    <div
      class="MuiGrid2-root MuiGrid2-container MuiGrid2-direction-xs-row css-mocked-MuiGrid2-root"
      id="content-grid"
    >
      <div>
        <div
          id="frontpage"
        >
          <div
            class="MuiGrid2-root MuiGrid2-container MuiGrid2-direction-xs-column css-mocked-MuiGrid2-root"
            id="frontgrid"
          >
            <div
              class="MuiGrid2-root MuiGrid2-container MuiGrid2-direction-xs-row css-mocked-MuiGrid2-root"
            >
              <img
                alt="Logo"
                id="frontpagelogo"
                src="logo.png"
              />
              <h1
                id="header-text"
              >
                 CV Manager
              </h1>
            </div>
            <div
              id="keycloakbtndiv"
            />
            <br />
          </div>
        </div>
      </div>
      <div />
    </div>
  </div>
  <div
    style="position: fixed; z-index: 9999; top: 16px; left: 16px; right: 16px; bottom: 16px; pointer-events: none;"
  />
</div>
`;
