// Jest Snapshot v1, https://goo.gl/fbAQLP

exports[`should take a snapshot 1`] = `
<div>
  <div
    id="masterdiv"
  >
    <div
      class="MuiGrid-root MuiGrid-container css-mocked-MuiGrid-root"
      id="content-grid"
    >
      <div>
        <div
          id="frontpage"
        >
          <div
            class="MuiGrid-root MuiGrid-container MuiGrid-direction-xs-column css-mocked-MuiGrid-root"
            id="frontgrid"
          >
            <div
              class="MuiGrid-root MuiGrid-container css-mocked-MuiGrid-root"
            >
              <img
                alt="Logo"
                id="frontpagelogo"
                src="logo.png"
              />
              <h1
                id="header-text"
              >
                 CV Manager
              </h1>
            </div>
            <div
              id="keycloakbtndiv"
            />
            <br />
          </div>
        </div>
      </div>
      <div />
    </div>
  </div>
</div>
`;
