// Jest Snapshot v1, https://goo.gl/fbAQLP

exports[`should take a snapshot 1`] = `
<div>
  <div
    class="MuiPaper-root MuiPaper-elevation MuiPaper-rounded MuiPaper-elevation1 css-mocked-MuiPaper-root"
    id="masterdiv"
    style="--Paper-shadow: 0px 2px 1px -1px rgba(0,0,0,0.2),0px 1px 1px 0px rgba(0,0,0,0.14),0px 1px 3px 0px rgba(0,0,0,0.12); display: flex; flex-direction: column; height: 100vh; overflow: hidden;"
  >
    <div
      style="flex: 0 0 100px;"
    >
      <div>
        <div
          class="MuiPaper-root MuiPaper-elevation MuiPaper-rounded MuiPaper-elevation1 css-mocked-MuiPaper-root"
          id="frontpage"
          style="--Paper-shadow: 0px 2px 1px -1px rgba(0,0,0,0.2),0px 1px 1px 0px rgba(0,0,0,0.14),0px 1px 3px 0px rgba(0,0,0,0.12);"
        >
          <div
            class="MuiGrid2-root MuiGrid2-container MuiGrid2-direction-xs-column css-mocked-MuiGrid2-root"
            id="frontgrid"
          >
            <div
              class="MuiGrid2-root MuiGrid2-container MuiGrid2-direction-xs-row css-mocked-MuiGrid2-root"
            >
              <img
                alt="Logo"
                id="frontpagelogo"
                src="logo.png"
              />
              <h1
                id="header-text"
              >
                 CV Manager
              </h1>
            </div>
            <div
              id="keycloakbtndiv"
            />
            <br />
          </div>
        </div>
      </div>
    </div>
    <div
      style="flex: 1 1 auto; display: flex; flex-direction: column;"
    >
      <div />
    </div>
  </div>
  <div
    style="position: fixed; z-index: 9999; top: 16px; left: 16px; right: 16px; bottom: 16px; pointer-events: none;"
  />
</div>
`;
