// Jest Snapshot v1, https://goo.gl/fbAQLP

exports[`should take a snapshot 1`] = `
<div>
  <div
    id="masterdiv"
  >
    <div
      class="MuiGrid-root MuiGrid-container MuiGrid-align-items-xs-center"
      id="content-grid"
    >
      <div>
        <header
          id="header"
        >
          <div
            class="MuiGrid-root MuiGrid-container MuiGrid-align-items-xs-center"
          >
            <img
              alt="Logo"
              id="logo"
              src="cdot_logo.png"
            />
            <h1
              id="header-text"
            >
              CDOT CV Manager
            </h1>
            <div
              id="login"
            >
              <div
                class="MuiGrid-root MuiGrid-container MuiGrid-align-items-xs-center"
              >
                <div
                  class="MuiGrid-root"
                  id="userInfoGrid"
                >
                  <h3
                    id="nameText"
                  />
                  <h3
                    id="emailText"
                  />
                  <select
                    id="organizationDropdown"
                  />
                </div>
                <button
                  id="logout"
                >
                  Logout
                </button>
              </div>
            </div>
          </div>
        </header>
      </div>
      <div
        class="tabs"
      >
        <ol
          class="tab-list"
        >
          <li
            class="tab-list-item tab-list-active"
          >
            RSU Map
          </li>
          <li
            class="tab-list-item"
          >
            Help
          </li>
        </ol>
        <div
          class="tab-content"
        >
          <div>
            <div>
              <button
                id="toggle"
              >
                Display Counts
              </button>
            </div>
          </div>
          <div
            class="container"
          >
            <div
              class="MuiGrid-root legend-grid MuiGrid-container MuiGrid-align-items-xs-center"
            >
              <div
                class="legend"
              >
                <h1
                  class="legend-header"
                >
                  Map Layers
                </h1>
                <div
                  class="legend-item"
                >
                  <label
                    class="legend-label"
                  >
                    <input
                      checked=""
                      class="legend-input"
                      type="checkbox"
                    />
                    RSU
                  </label>
                </div>
                <div
                  class="legend-item"
                >
                  <label
                    class="legend-label"
                  >
                    <input
                      class="legend-input"
                      type="checkbox"
                    />
                    Heatmap
                  </label>
                </div>
                <div
                  class="legend-item"
                >
                  <label
                    class="legend-label"
                  >
                    <input
                      class="legend-input"
                      type="checkbox"
                    />
                    BSM Viewer
                  </label>
                </div>
                <div
                  class="legend-item"
                >
                  <label
                    class="legend-label"
                  >
                    <input
                      class="legend-input"
                      type="checkbox"
                    />
                    WZDx
                  </label>
                </div>
              </div>
              <div
                class="rsu-status-div"
              >
                <h1
                  class="legend-header"
                >
                  RSU Status
                </h1>
                <label
                  class="rsu-status-label"
                >
                  <input
                    checked=""
                    class="rsu-status-input"
                    name="none-status-radio"
                    type="radio"
                    value="none"
                  />
                  None
                </label>
                <label
                  class="rsu-status-label"
                >
                  <input
                    class="rsu-status-input"
                    name="online-status-radio"
                    type="radio"
                    value="online"
                  />
                  Online Status
                </label>
                <label
                  class="rsu-status-label"
                >
                  <input
                    class="rsu-status-input"
                    name="scms-status-radio"
                    type="radio"
                    value="scms"
                  />
                  SCMS Status
                </label>
              </div>
            </div>
            <div
              class="container-fluid"
              style="width: 100%; height: calc(100vh - 136px); display: flex;"
            >
              <div
                style="position: relative; width: 100%; height: 100%;"
              />
            </div>
          </div>
        </div>
      </div>
    </div>
    <span
      class="css-gv9u3i"
    >
      <span
        class="css-1t15js"
      />
      <span
        class="css-15ktaxl"
      />
    </span>
  </div>
</div>
`;
