// Jest Snapshot v1, https://goo.gl/fbAQLP

exports[`should take a snapshot 1`] = `
<div>
  <div
    id="masterdiv"
  >
    <div
      class="MuiGrid-root MuiGrid-container MuiGrid-align-items-xs-center"
      id="content-grid"
    >
      <div>
        <div
          id="frontpage"
        >
          <div
            class="MuiGrid-root MuiGrid-container MuiGrid-direction-xs-column MuiGrid-align-items-xs-center"
            id="frontgrid"
          >
            <div
              class="MuiGrid-root MuiGrid-container MuiGrid-align-items-xs-center MuiGrid-justify-content-xs-center"
            >
              <img
                alt="Logo"
                id="frontpagelogo"
                src="logo.png"
              />
              <h1
                id="header-text"
              >
                CDOT
                 CV Manager
              </h1>
            </div>
            <div
              id="keycloakbtndiv"
            />
            <br />
            <div>
              <button
                class="showbutton"
                type="button"
              >
                Contact Support
              </button>
            </div>
          </div>
        </div>
      </div>
      <div />
    </div>
    <span
      class="css-gv9u3i"
    >
      <span
        class="css-1t15js"
      />
      <span
        class="css-15ktaxl"
      />
    </span>
  </div>
</div>
`;
