// Jest Snapshot v1, https://goo.gl/fbAQLP

exports[`should take a snapshot 1`] = `
<div>
  <div>
    <form
      class=""
    >
      <div
        class="mb-3"
      >
        <label
          class="form-label"
          for="email"
        >
          Email
        </label>
        <input
          class="form-control"
          id="email"
          name="email"
          placeholder="Enter user email (Required)"
          type="email"
        />
      </div>
      <div
        class="mb-3"
      >
        <label
          class="form-label"
          for="first_name"
        >
          First Name
        </label>
        <input
          class="form-control"
          id="first_name"
          name="first_name"
          placeholder="Enter user's first name (Required)"
          type="text"
        />
      </div>
      <div
        class="mb-3"
      >
        <label
          class="form-label"
          for="last_name"
        >
          Last Name
        </label>
        <input
          class="form-control"
          id="last_name"
          name="last_name"
          placeholder="Enter user's last name (Required)"
          type="text"
        />
      </div>
      <div
        class="mb-3"
      >
        <div
          class="form-check form-switch"
        >
          <input
            class="form-check-input"
            id="super_user"
            name="super_user"
            type="checkbox"
          />
          <label
            class="form-check-label"
            for="super_user"
            title=""
          >
             Super User
          </label>
        </div>
      </div>
      <div
        class="mb-3"
      >
        <div
          class="form-check form-switch"
        >
          <input
            class="form-check-input"
            id="receive_error_emails"
            name="receive_error_emails"
            type="checkbox"
          />
          <label
            class="form-check-label"
            for="receive_error_emails"
            title=""
          >
             Receive Error Emails
          </label>
        </div>
      </div>
      <div
        class="mb-3"
      >
        <label
          class="form-label"
          for="organizations"
        >
          Organizations
        </label>
        <div
          class="form-multiselect rw-multiselect rw-widget"
          data-intent="mouse"
          tabindex="-1"
        >
          <div
            class="rw-widget-input rw-widget-picker rw-widget-container"
          >
            <div
              aria-label="Selected items"
              aria-multiselectable="true"
              aria-orientation="horizontal"
              class="rw-multiselect-taglist"
              id="rw_2_taglist"
              role="listbox"
            >
              <input
                aria-autocomplete="list"
                aria-busy="false"
                aria-controls="rw_3_listbox"
                aria-disabled="false"
                aria-expanded="false"
                aria-haspopup="listbox"
                aria-owns="rw_3_listbox "
                aria-readonly="false"
                autocapitalize="off"
                autocomplete="off"
                class="rw-multiselect-input"
                placeholder="Select organizations (Required)"
                role="combobox"
                size="32"
                spellcheck="false"
                tabindex="0"
                value=""
              />
            </div>
            <span
              aria-hidden="true"
              class="rw-btn rw-picker-caret"
            />
          </div>
        </div>
      </div>
      
      <div
        class="form-control"
      >
        <label />
        <button
          class="admin-button"
          type="submit"
        >
          Add User
        </button>
      </div>
    </form>
  </div>
</div>
`;
