// Jest Snapshot v1, https://goo.gl/fbAQLP

exports[`snapshot bsmCoordinates wzdx 1`] = `
<div>
  <div
    class="container"
  >
    <div
      class="MuiGrid2-root MuiGrid2-container MuiGrid2-direction-xs-row legend-grid css-mocked-MuiGrid2-root"
    >
      <div
        class="legend"
      >
        <h1
          class="legend-header"
        >
          Map Layers
        </h1>
        <div
          class="legend-item"
        >
          <label
            class="legend-label"
          >
            <input
              class="legend-input"
              type="checkbox"
            />
            RSU Viewer
          </label>
        </div>
        <div
          class="legend-item"
        >
          <label
            class="legend-label"
          >
            <input
              checked=""
              class="legend-input"
              type="checkbox"
            />
            Heatmap
          </label>
        </div>
        <div
          class="legend-item"
        >
          <label
            class="legend-label"
          >
            <input
              checked=""
              class="legend-input"
              type="checkbox"
            />
            V2X Msg Viewer
          </label>
        </div>
        <div
          class="legend-item"
        >
          <label
            class="legend-label"
          >
            <input
              checked=""
              class="legend-input"
              type="checkbox"
            />
            WZDx Viewer
          </label>
        </div>
        <div
          class="legend-item"
        >
          <label
            class="legend-label"
          >
            <input
              class="legend-input"
              type="checkbox"
            />
            Intersections
          </label>
        </div>
      </div>
    </div>
    <div
      class="container-fluid"
      style="width: 100%; height: calc(100vh - 100px); display: flex;"
    >
      <div
        style="position: relative; width: 100%; height: 100%;"
      />
    </div>
    <div
      class="control"
    >
      <div
        class="buttonContainer"
      >
        <button
          class="button"
        >
          Add Point
        </button>
        <button
          class="button"
        >
          Clear
        </button>
      </div>
      <div>
        <div
          class="selectContainer css-mocked-container"
        >
          <span
            class="css-mocked-a11yText-A11yText"
            id="react-select-2-live-region"
          />
          <span
            aria-atomic="false"
            aria-live="polite"
            aria-relevant="additions text"
            class="css-mocked-a11yText-A11yText"
          />
          <div
            class="css-mocked-control"
          >
            <div
              class="css-mocked-ValueContainer"
            >
              <div
                class="css-mocked-placeholder"
                id="react-select-2-placeholder"
              >
                Select Message Type
              </div>
              <div
                class="css-mocked-Input"
                data-value=""
              >
                <input
                  aria-autocomplete="list"
                  aria-describedby="react-select-2-placeholder"
                  aria-expanded="false"
                  aria-haspopup="true"
                  autocapitalize="none"
                  autocomplete="off"
                  autocorrect="off"
                  class=""
                  id="react-select-2-input"
                  role="combobox"
                  spellcheck="false"
                  style="opacity: 1; width: 100%; grid-area: 1 / 2; min-width: 2px; border: 0px; margin: 0px; outline: 0; padding: 0px;"
                  tabindex="0"
                  type="text"
                  value=""
                />
              </div>
            </div>
            <div
              class="css-mocked-IndicatorsContainer"
            >
              <span
                class="css-mocked-indicatorSeparator"
              />
              <div
                aria-hidden="true"
                class="css-mocked-indicatorContainer"
              >
                <svg
                  aria-hidden="true"
                  class="css-mocked-Svg"
                  focusable="false"
                  height="20"
                  viewBox="0 0 20 20"
                  width="20"
                >
                  <path
                    d="M4.516 7.548c0.436-0.446 1.043-0.481 1.576 0l3.908 3.747 3.908-3.747c0.533-0.481 1.141-0.446 1.574 0 0.436 0.445 0.408 1.197 0 1.615-0.406 0.418-4.695 4.502-4.695 4.502-0.217 0.223-0.502 0.335-0.787 0.335s-0.57-0.112-0.789-0.335c0 0-4.287-4.084-4.695-4.502s-0.436-1.17 0-1.615z"
                  />
                </svg>
              </div>
            </div>
          </div>
        </div>
      </div>
      <div
        class="dateContainer"
      >
        <div
          class="MuiFormControl-root MuiTextField-root css-mocked-MuiFormControl-root-MuiTextField-root"
        >
          <label
            class="MuiFormLabel-root MuiInputLabel-root MuiInputLabel-formControl MuiInputLabel-animated MuiInputLabel-shrink MuiInputLabel-sizeMedium MuiInputLabel-outlined MuiFormLabel-colorPrimary Mui-error MuiFormLabel-filled MuiInputLabel-root MuiInputLabel-formControl MuiInputLabel-animated MuiInputLabel-shrink MuiInputLabel-sizeMedium MuiInputLabel-outlined css-mocked-MuiFormLabel-root-MuiInputLabel-root"
            data-shrink="true"
            for="mui-1"
            id="mui-1-label"
          >
            Select start date
          </label>
          <div
            class="MuiInputBase-root MuiOutlinedInput-root MuiInputBase-colorPrimary Mui-error MuiInputBase-formControl MuiInputBase-adornedEnd css-mocked-MuiInputBase-root-MuiOutlinedInput-root"
          >
            <input
              autocomplete="off"
              class="MuiInputBase-input MuiOutlinedInput-input MuiInputBase-inputAdornedEnd css-mocked-MuiInputBase-input-MuiOutlinedInput-input"
              id="mui-1"
              inputmode="text"
              placeholder="MM/DD/YYYY hh:mm aa"
              type="text"
              value="MM/DD/YYYY hh:mm aa"
            />
            <div
              class="MuiInputAdornment-root MuiInputAdornment-positionEnd MuiInputAdornment-outlined MuiInputAdornment-sizeMedium css-mocked-MuiInputAdornment-root"
            >
              <button
                aria-label="Choose date"
                class="MuiButtonBase-root MuiIconButton-root MuiIconButton-edgeEnd MuiIconButton-sizeMedium css-mocked-MuiButtonBase-root-MuiIconButton-root"
                tabindex="0"
                type="button"
              >
                <svg
                  aria-hidden="true"
                  class="MuiSvgIcon-root MuiSvgIcon-fontSizeMedium css-mocked-MuiSvgIcon-root"
                  data-testid="CalendarIcon"
                  focusable="false"
                  viewBox="0 0 24 24"
                >
                  <path
                    d="M17 12h-5v5h5v-5zM16 1v2H8V1H6v2H5c-1.11 0-1.99.9-1.99 2L3 19c0 1.1.89 2 2 2h14c1.1 0 2-.9 2-2V5c0-1.1-.9-2-2-2h-1V1h-2zm3 18H5V8h14v11z"
                  />
                </svg>
              </button>
            </div>
            <fieldset
              aria-hidden="true"
              class="MuiOutlinedInput-notchedOutline css-mocked-MuiOutlinedInput-notchedOutline"
            >
              <legend
                class="css-w1u3ce"
              >
                <span>
                  Select start date
                </span>
              </legend>
            </fieldset>
          </div>
        </div>
      </div>
      <div
        class="dateContainer"
      >
        <div
          class="MuiFormControl-root MuiTextField-root css-mocked-MuiFormControl-root-MuiTextField-root"
        >
          <label
            class="MuiFormLabel-root MuiInputLabel-root MuiInputLabel-formControl MuiInputLabel-animated MuiInputLabel-shrink MuiInputLabel-sizeMedium MuiInputLabel-outlined MuiFormLabel-colorPrimary Mui-error MuiFormLabel-filled MuiInputLabel-root MuiInputLabel-formControl MuiInputLabel-animated MuiInputLabel-shrink MuiInputLabel-sizeMedium MuiInputLabel-outlined css-mocked-MuiFormLabel-root-MuiInputLabel-root"
            data-shrink="true"
            for="mui-2"
            id="mui-2-label"
          >
            Select end date
          </label>
          <div
            class="MuiInputBase-root MuiOutlinedInput-root MuiInputBase-colorPrimary Mui-error MuiInputBase-formControl MuiInputBase-adornedEnd css-mocked-MuiInputBase-root-MuiOutlinedInput-root"
          >
            <input
              autocomplete="off"
              class="MuiInputBase-input MuiOutlinedInput-input MuiInputBase-inputAdornedEnd css-mocked-MuiInputBase-input-MuiOutlinedInput-input"
              id="mui-2"
              inputmode="text"
              placeholder="MM/DD/YYYY hh:mm aa"
              type="text"
              value="MM/DD/YYYY hh:mm aa"
            />
            <div
              class="MuiInputAdornment-root MuiInputAdornment-positionEnd MuiInputAdornment-outlined MuiInputAdornment-sizeMedium css-mocked-MuiInputAdornment-root"
            >
              <button
                aria-label="Choose date"
                class="MuiButtonBase-root MuiIconButton-root MuiIconButton-edgeEnd MuiIconButton-sizeMedium css-mocked-MuiButtonBase-root-MuiIconButton-root"
                tabindex="0"
                type="button"
              >
                <svg
                  aria-hidden="true"
                  class="MuiSvgIcon-root MuiSvgIcon-fontSizeMedium css-mocked-MuiSvgIcon-root"
                  data-testid="CalendarIcon"
                  focusable="false"
                  viewBox="0 0 24 24"
                >
                  <path
                    d="M17 12h-5v5h5v-5zM16 1v2H8V1H6v2H5c-1.11 0-1.99.9-1.99 2L3 19c0 1.1.89 2 2 2h14c1.1 0 2-.9 2-2V5c0-1.1-.9-2-2-2h-1V1h-2zm3 18H5V8h14v11z"
                  />
                </svg>
              </button>
            </div>
            <fieldset
              aria-hidden="true"
              class="MuiOutlinedInput-notchedOutline css-mocked-MuiOutlinedInput-notchedOutline"
            >
              <legend
                class="css-w1u3ce"
              >
                <span>
                  Select end date
                </span>
              </legend>
            </fieldset>
          </div>
        </div>
      </div>
      <div
        class="submitContainer"
      >
        <button
          id="submitButton"
        >
          Submit
        </button>
      </div>
    </div>
  </div>
</div>
`;

exports[`snapshot bsmData clicked 1`] = `
<div>
  <div
    class="container"
  >
    <div
      class="MuiGrid2-root MuiGrid2-container MuiGrid2-direction-xs-row legend-grid css-mocked-MuiGrid2-root"
    >
      <div
        class="legend"
      >
        <h1
          class="legend-header"
        >
          Map Layers
        </h1>
        <div
          class="legend-item"
        >
          <label
            class="legend-label"
          >
            <input
              checked=""
              class="legend-input"
              type="checkbox"
            />
            RSU Viewer
          </label>
        </div>
        <div
          class="legend-item"
        >
          <label
            class="legend-label"
          >
            <input
              class="legend-input"
              type="checkbox"
            />
            Heatmap
          </label>
        </div>
        <div
          class="legend-item"
        >
          <label
            class="legend-label"
          >
            <input
              class="legend-input"
              type="checkbox"
            />
            V2X Msg Viewer
          </label>
        </div>
        <div
          class="legend-item"
        >
          <label
            class="legend-label"
          >
            <input
              class="legend-input"
              type="checkbox"
            />
            WZDx Viewer
          </label>
        </div>
        <div
          class="legend-item"
        >
          <label
            class="legend-label"
          >
            <input
              class="legend-input"
              type="checkbox"
            />
            Intersections
          </label>
        </div>
      </div>
      <div
        class="rsu-status-div"
      >
        <h1
          class="legend-header"
        >
          RSU Status
        </h1>
        <label
          class="rsu-status-label"
        >
          <input
            checked=""
            class="rsu-status-input"
            name="none-status-radio"
            type="radio"
            value="none"
          />
          None
        </label>
        <label
          class="rsu-status-label"
        >
          <input
            class="rsu-status-input"
            name="online-status-radio"
            type="radio"
            value="online"
          />
          Online Status
        </label>
        <label
          class="rsu-status-label"
        >
          <input
            class="rsu-status-input"
            name="scms-status-radio"
            type="radio"
            value="scms"
          />
          SCMS Status
        </label>
      </div>
      <div
        class="vendor-filter-div"
      >
        <h2>
          Filter RSUs
        </h2>
        <h4>
          Vendor
        </h4>
        <div
          aria-autocomplete="list"
          aria-busy="false"
          aria-controls="rw_5_listbox"
          aria-disabled="false"
          aria-expanded="false"
          aria-haspopup="listbox"
          aria-owns="rw_5_listbox"
          aria-readonly="false"
          class="form-dropdown rw-dropdown-list rw-widget"
          data-intent="mouse"
          id="rw_4_input"
          role="combobox"
          tabindex="-1"
        >
          <div
            class="rw-widget-input rw-widget-picker rw-widget-container"
            tabindex="-1"
          >
            <div
              class="rw-dropdown-list-input"
            >
              <input
                aria-hidden="true"
                class="rw-detect-autofill rw-sr"
                tabindex="-1"
                value="Select Vendor"
              />
              <input
                autocomplete="off"
                class="rw-dropdownlist-search"
                size="2"
                value=""
              />
              <span
                class="rw-dropdown-list-value"
              >
                Select Vendor
              </span>
            </div>
            <span
              aria-hidden="true"
              class="rw-btn rw-picker-caret"
            >
              <svg
                aria-hidden="true"
                fill="currentcolor"
                height="1em"
                viewBox="0 0 320 512"
                xmlns="http://www.w3.org/2000/svg"
              >
                <path
                  d="M31.3 192h257.3c17.8 0 26.7 21.5 14.1 34.1L174.1 354.8c-7.8 7.8-20.5 7.8-28.3 0L17.2 226.1C4.6 213.5 13.5 192 31.3 192z"
                />
              </svg>
            </span>
          </div>
        </div>
      </div>
    </div>
    <div
      class="container-fluid"
      style="width: 100%; height: calc(100vh - 100px); display: flex;"
    >
      <div
        style="position: relative; width: 100%; height: 100%;"
      />
    </div>
  </div>
</div>
`;
