// Jest Snapshot v1, https://goo.gl/fbAQLP

exports[`<Header /> should take a snapshot 1`] = `
<div>
  <div>
    <div
      id="frontpage"
    >
      <div
        class="MuiGrid2-root MuiGrid2-container MuiGrid2-direction-xs-column css-mocked-MuiGrid2-root"
        id="frontgrid"
      >
        <div
          class="MuiGrid2-root MuiGrid2-container MuiGrid2-direction-xs-row css-mocked-MuiGrid2-root"
        >
          <img
            alt="Logo"
            id="frontpagelogo"
            src="logo.png"
          />
          <h1
            id="header-text"
          >
             CV Manager
          </h1>
        </div>
        <h3
          id="loginMessage"
        >
          User Unauthorized
        </h3>
        <div
          id="keycloakbtndiv"
        >
          <button
            class="keycloak-button"
          >
            Logout User
          </button>
        </div>
        <br />
        <div>
          <button
            class="showbutton"
            type="button"
          >
            Contact Support
          </button>
        </div>
      </div>
    </div>
  </div>
  <br />
  <div>
    <button
      class="showbutton"
      type="button"
    >
      Contact Support
    </button>
  </div>
</div>
`;
