// Jest Snapshot v1, https://goo.gl/fbAQLP

exports[`<Header /> should take a snapshot 1`] = `
<div>
  <div>
    <div
      class="MuiPaper-root MuiPaper-elevation MuiPaper-rounded MuiPaper-elevation1 css-mocked-MuiPaper-root"
      id="frontpage"
      style="--Paper-shadow: 0px 2px 1px -1px rgba(0,0,0,0.2),0px 1px 1px 0px rgba(0,0,0,0.14),0px 1px 3px 0px rgba(0,0,0,0.12);"
    >
      <div
        class="MuiGrid2-root MuiGrid2-container MuiGrid2-direction-xs-column css-mocked-MuiGrid2-root"
        id="frontgrid"
      >
        <div
          class="MuiGrid2-root MuiGrid2-container MuiGrid2-direction-xs-row css-mocked-MuiGrid2-root"
        >
          <img
            alt="Logo"
            height="90px"
            id="frontpagelogo"
            src="/icons/logo_light.png"
          />
          <h1
            id="header-text"
          >
             CV Manager
          </h1>
        </div>
        <h3
          id="loginMessage"
        >
          User Unauthorized
        </h3>
        <div
          id="keycloakbtndiv"
        >
          <button
            class="MuiButtonBase-root MuiButton-root MuiButton-contained MuiButton-containedPrimary MuiButton-sizeMedium MuiButton-containedSizeMedium MuiButton-colorPrimary MuiButton-root MuiButton-contained MuiButton-containedPrimary MuiButton-sizeMedium MuiButton-containedSizeMedium MuiButton-colorPrimary css-mocked-MuiButtonBase-root-MuiButton-root"
            tabindex="0"
            type="button"
          >
            Logout User
          </button>
        </div>
        <br />
        <div
          class="contactWrapper"
        >
          <button
            class="MuiButtonBase-root MuiButton-root MuiButton-contained MuiButton-containedPrimary MuiButton-sizeMedium MuiButton-containedSizeMedium MuiButton-colorPrimary MuiButton-root MuiButton-contained MuiButton-containedPrimary MuiButton-sizeMedium MuiButton-containedSizeMedium MuiButton-colorPrimary css-mocked-MuiButtonBase-root-MuiButton-root"
            tabindex="0"
            type="button"
          >
            Contact Support
          </button>
        </div>
      </div>
    </div>
  </div>
  <br />
  <div
    class="contactWrapper"
  >
    <button
      class="MuiButtonBase-root MuiButton-root MuiButton-contained MuiButton-containedPrimary MuiButton-sizeMedium MuiButton-containedSizeMedium MuiButton-colorPrimary MuiButton-root MuiButton-contained MuiButton-containedPrimary MuiButton-sizeMedium MuiButton-containedSizeMedium MuiButton-colorPrimary css-mocked-MuiButtonBase-root-MuiButton-root"
      tabindex="0"
      type="button"
    >
      Contact Support
    </button>
  </div>
</div>
`;
