// Jest Snapshot v1, https://goo.gl/fbAQLP

exports[`should take a snapshot 1`] = `
<div>
  <div
    id="snmpdiv"
  >
    <h2
      id="snmpheader"
    >
      Administrator Reboot
    </h2>
    <button
      id="refreshbtn"
    >
      Reboot
    </button>
    <p
      id="infotext"
    >
      Warning: This action could result in taking the RSU offline
    </p>
  </div>
</div>
`;
