// Jest Snapshot v1, https://goo.gl/fbAQLP

exports[`should take a snapshot 1`] = `
<div>
  <div>
    <h2
      id="snmpheader"
    >
      RSU Reboot
    </h2>
    <button
      class="MuiButtonBase-root MuiButton-root MuiButton-contained MuiButton-containedPrimary MuiButton-sizeSmall MuiButton-containedSizeSmall MuiButton-colorPrimary MuiButton-root MuiButton-contained MuiButton-containedPrimary MuiButton-sizeSmall MuiButton-containedSizeSmall MuiButton-colorPrimary css-mocked-MuiButtonBase-root-MuiButton-root"
      tabindex="0"
      type="button"
    >
      Reboot
    </button>
    <p
      class="MuiTypography-root MuiTypography-body1 css-mocked-MuiTypography-root"
    >
      Warning: This action could result in taking the RSU offline
    </p>
  </div>
</div>
`;
