// Jest Snapshot v1, https://goo.gl/fbAQLP

exports[`should take a snapshot 1`] = `
<div>
  <div
    class="MuiPaper-root MuiPaper-elevation MuiPaper-rounded MuiPaper-elevation1 css-mocked-MuiPaper-root"
    style="--Paper-shadow: 0px 2px 1px -1px rgba(0,0,0,0.2),0px 1px 1px 0px rgba(0,0,0,0.14),0px 1px 3px 0px rgba(0,0,0,0.12); display: flex; justify-content: space-evenly; align-items: center; text-align: center; padding: 10px;"
  >
    <hr
      class="MuiDivider-root MuiDivider-fullWidth css-mocked-MuiDivider-root"
    />
    <h4
      class="MuiTypography-root MuiTypography-h4 css-mocked-MuiTypography-root"
    >
      SSM
    </h4>
    <p
      class="MuiTypography-root MuiTypography-body1 css-mocked-MuiTypography-root"
    />
    <p
      class="MuiTypography-root MuiTypography-body1 css-mocked-MuiTypography-root"
    />
    <p
      class="MuiTypography-root MuiTypography-body1 css-mocked-MuiTypography-root"
    />
    <p
      class="MuiTypography-root MuiTypography-body1 css-mocked-MuiTypography-root"
    />
    <button
      class="MuiButtonBase-root MuiButton-root MuiButton-contained MuiButton-containedPrimary MuiButton-sizeMedium MuiButton-containedSizeMedium MuiButton-colorPrimary Mui-disabled MuiButton-root MuiButton-contained MuiButton-containedPrimary MuiButton-sizeMedium MuiButton-containedSizeMedium MuiButton-colorPrimary css-mocked-MuiButtonBase-root-MuiButton-root"
      disabled=""
      tabindex="-1"
      type="button"
    >
      View
    </button>
  </div>
</div>
`;
