// Jest Snapshot v1, https://goo.gl/fbAQLP

exports[`should take a snapshot 1`] = `
<div>
  <div>
    <div
      class="scrollbar-container ps"
    >
      <table
        class="MuiTable-root css-mocked-MuiTable-root"
      >
        <tbody
          class="MuiTableBody-root css-mocked-MuiTableBody-root"
        >
          <tr
            class="MuiTableRow-root css-mocked-MuiTableRow-root"
          >
            <td
              class="MuiTableCell-root MuiTableCell-body MuiTableCell-sizeMedium css-mocked-MuiTableCell-root"
              width="25%"
            >
              <a
                class="MuiBox-root css-xpe1lw"
              >
                <div
                  class="MuiBox-root css-d0uhtl"
                >
                  <h6
                    class="MuiTypography-root MuiTypography-subtitle2 css-mocked-MuiTypography-root"
                  >
                    Intersection_1234_Weekly_Assessment
                  </h6>
                </div>
              </a>
            </td>
            <td
              class="MuiTableCell-root MuiTableCell-body MuiTableCell-sizeMedium css-mocked-MuiTableCell-root"
            >
              <div
                class="MuiBox-root css-j7qwjs"
              >
                <h6
                  class="MuiTypography-root MuiTypography-subtitle2 css-mocked-MuiTypography-root"
                >
                  Report Duration
                </h6>
                <p
                  class="MuiTypography-root MuiTypography-body2 css-mocked-MuiTypography-root"
                >
                  Mar 08, 6:00:00 AM
                   
                  -
                   
                  Mar 15, 7:00:00 AM
                </p>
              </div>
            </td>
            <td
              class="MuiTableCell-root MuiTableCell-body MuiTableCell-sizeMedium css-mocked-MuiTableCell-root"
            >
              <div
                class="MuiBox-root css-j7qwjs"
              >
                <h6
                  class="MuiTypography-root MuiTypography-subtitle2 css-mocked-MuiTypography-root"
                >
                  Generated At
                </h6>
                <p
                  class="MuiTypography-root MuiTypography-body2 css-mocked-MuiTypography-root"
                >
                  Mar 15, 9:30:00 AM
                </p>
              </div>
            </td>
            <td
              class="MuiTableCell-root MuiTableCell-body MuiTableCell-alignRight MuiTableCell-sizeMedium css-mocked-MuiTableCell-root"
            >
              <button
                class="MuiButtonBase-root MuiButton-root MuiButton-text MuiButton-textPrimary MuiButton-sizeMedium MuiButton-textSizeMedium MuiButton-colorPrimary MuiButton-root MuiButton-text MuiButton-textPrimary MuiButton-sizeMedium MuiButton-textSizeMedium MuiButton-colorPrimary css-mocked-MuiButtonBase-root-MuiButton-root"
                tabindex="0"
                type="button"
              >
                View
              </button>
            </td>
          </tr>
          <tr
            class="MuiTableRow-root css-mocked-MuiTableRow-root"
          >
            <td
              class="MuiTableCell-root MuiTableCell-body MuiTableCell-sizeMedium css-mocked-MuiTableCell-root"
              width="25%"
            >
              <a
                class="MuiBox-root css-xpe1lw"
              >
                <div
                  class="MuiBox-root css-d0uhtl"
                >
                  <h6
                    class="MuiTypography-root MuiTypography-subtitle2 css-mocked-MuiTypography-root"
                  >
                    Intersection_5678_Daily_Assessment
                  </h6>
                </div>
              </a>
            </td>
            <td
              class="MuiTableCell-root MuiTableCell-body MuiTableCell-sizeMedium css-mocked-MuiTableCell-root"
            >
              <div
                class="MuiBox-root css-j7qwjs"
              >
                <h6
                  class="MuiTypography-root MuiTypography-subtitle2 css-mocked-MuiTypography-root"
                >
                  Report Duration
                </h6>
                <p
                  class="MuiTypography-root MuiTypography-body2 css-mocked-MuiTypography-root"
                >
                  Mar 30, 7:00:00 PM
                   
                  -
                   
                  Mar 31, 7:00:00 PM
                </p>
              </div>
            </td>
            <td
              class="MuiTableCell-root MuiTableCell-body MuiTableCell-sizeMedium css-mocked-MuiTableCell-root"
            >
              <div
                class="MuiBox-root css-j7qwjs"
              >
                <h6
                  class="MuiTypography-root MuiTypography-subtitle2 css-mocked-MuiTypography-root"
                >
                  Generated At
                </h6>
                <p
                  class="MuiTypography-root MuiTypography-body2 css-mocked-MuiTypography-root"
                >
                  Apr 01, 3:15:00 AM
                </p>
              </div>
            </td>
            <td
              class="MuiTableCell-root MuiTableCell-body MuiTableCell-alignRight MuiTableCell-sizeMedium css-mocked-MuiTableCell-root"
            >
              <button
                class="MuiButtonBase-root MuiButton-root MuiButton-text MuiButton-textPrimary MuiButton-sizeMedium MuiButton-textSizeMedium MuiButton-colorPrimary MuiButton-root MuiButton-text MuiButton-textPrimary MuiButton-sizeMedium MuiButton-textSizeMedium MuiButton-colorPrimary css-mocked-MuiButtonBase-root-MuiButton-root"
                tabindex="0"
                type="button"
              >
                View
              </button>
            </td>
          </tr>
          <tr
            class="MuiTableRow-root css-mocked-MuiTableRow-root"
          >
            <td
              class="MuiTableCell-root MuiTableCell-body MuiTableCell-sizeMedium css-mocked-MuiTableCell-root"
              width="25%"
            >
              <a
                class="MuiBox-root css-xpe1lw"
              >
                <div
                  class="MuiBox-root css-d0uhtl"
                >
                  <h6
                    class="MuiTypography-root MuiTypography-subtitle2 css-mocked-MuiTypography-root"
                  >
                    Intersection_9012_Monthly_Assessment
                  </h6>
                </div>
              </a>
            </td>
            <td
              class="MuiTableCell-root MuiTableCell-body MuiTableCell-sizeMedium css-mocked-MuiTableCell-root"
            >
              <div
                class="MuiBox-root css-j7qwjs"
              >
                <h6
                  class="MuiTypography-root MuiTypography-subtitle2 css-mocked-MuiTypography-root"
                >
                  Report Duration
                </h6>
                <p
                  class="MuiTypography-root MuiTypography-body2 css-mocked-MuiTypography-root"
                >
                  Mar 01, 6:00:00 AM
                   
                  -
                   
                  Apr 01, 7:00:00 AM
                </p>
              </div>
            </td>
            <td
              class="MuiTableCell-root MuiTableCell-body MuiTableCell-sizeMedium css-mocked-MuiTableCell-root"
            >
              <div
                class="MuiBox-root css-j7qwjs"
              >
                <h6
                  class="MuiTypography-root MuiTypography-subtitle2 css-mocked-MuiTypography-root"
                >
                  Generated At
                </h6>
                <p
                  class="MuiTypography-root MuiTypography-body2 css-mocked-MuiTypography-root"
                >
                  Mar 31, 6:45:00 PM
                </p>
              </div>
            </td>
            <td
              class="MuiTableCell-root MuiTableCell-body MuiTableCell-alignRight MuiTableCell-sizeMedium css-mocked-MuiTableCell-root"
            >
              <button
                class="MuiButtonBase-root MuiButton-root MuiButton-text MuiButton-textPrimary MuiButton-sizeMedium MuiButton-textSizeMedium MuiButton-colorPrimary MuiButton-root MuiButton-text MuiButton-textPrimary MuiButton-sizeMedium MuiButton-textSizeMedium MuiButton-colorPrimary css-mocked-MuiButtonBase-root-MuiButton-root"
                tabindex="0"
                type="button"
              >
                View
              </button>
            </td>
          </tr>
        </tbody>
      </table>
      <div
        class="ps__rail-x"
        style="left: 0px; top: 0px;"
      >
        <div
          class="ps__thumb-x"
          style="left: 0px; width: 0px;"
          tabindex="0"
        />
      </div>
      <div
        class="ps__rail-y"
        style="top: 0px; left: 0px;"
      >
        <div
          class="ps__thumb-y"
          style="top: 0px; height: 0px;"
          tabindex="0"
        />
      </div>
    </div>
    <div
      class="MuiTablePagination-root css-mocked-MuiTablePagination-root"
    >
      <div
        class="MuiToolbar-root MuiToolbar-gutters MuiToolbar-regular MuiTablePagination-toolbar css-mocked-MuiToolbar-root-MuiTablePagination-toolbar"
      >
        <div
          class="MuiTablePagination-spacer css-mocked-MuiTablePagination-spacer"
        />
        <p
          class="MuiTablePagination-selectLabel css-mocked-MuiTablePagination-selectLabel"
          id="mui-3"
        >
          Rows per page:
        </p>
        <div
          class="MuiInputBase-root MuiInputBase-colorPrimary MuiTablePagination-input css-mocked-MuiInputBase-root-MuiTablePagination-select"
        >
          <div
            aria-controls="mui-1"
            aria-expanded="false"
            aria-haspopup="listbox"
            aria-labelledby="mui-3 mui-2"
            class="MuiSelect-select MuiTablePagination-select MuiSelect-standard MuiInputBase-input css-mocked-MuiSelect-select-MuiInputBase-input"
            id="mui-2"
            role="combobox"
            tabindex="0"
          >
            10
          </div>
          <input
            aria-hidden="true"
            class="MuiSelect-nativeInput css-mocked-MuiSelect-nativeInput"
            tabindex="-1"
            value="10"
          />
          <svg
            aria-hidden="true"
            class="MuiSvgIcon-root MuiSvgIcon-fontSizeMedium MuiSelect-icon MuiTablePagination-selectIcon MuiSelect-iconStandard css-mocked-MuiSvgIcon-root-MuiSelect-icon"
            data-testid="ArrowDropDownIcon"
            focusable="false"
            viewBox="0 0 24 24"
          >
            <path
              d="M7 10l5 5 5-5z"
            />
          </svg>
        </div>
        <p
          class="MuiTablePagination-displayedRows css-mocked-MuiTablePagination-displayedRows"
        >
          1–3 of 3
        </p>
        <div
          class="MuiTablePagination-actions"
        >
          <button
            aria-label="Go to previous page"
            class="MuiButtonBase-root Mui-disabled MuiIconButton-root Mui-disabled MuiIconButton-colorInherit MuiIconButton-sizeMedium css-mocked-MuiButtonBase-root-MuiIconButton-root"
            disabled=""
            tabindex="-1"
            title="Go to previous page"
            type="button"
          >
            <svg
              aria-hidden="true"
              class="MuiSvgIcon-root MuiSvgIcon-fontSizeMedium css-mocked-MuiSvgIcon-root"
              data-testid="KeyboardArrowLeftIcon"
              focusable="false"
              viewBox="0 0 24 24"
            >
              <path
                d="M15.41 16.09l-4.58-4.59 4.58-4.59L14 5.5l-6 6 6 6z"
              />
            </svg>
          </button>
          <button
            aria-label="Go to next page"
            class="MuiButtonBase-root Mui-disabled MuiIconButton-root Mui-disabled MuiIconButton-colorInherit MuiIconButton-sizeMedium css-mocked-MuiButtonBase-root-MuiIconButton-root"
            disabled=""
            tabindex="-1"
            title="Go to next page"
            type="button"
          >
            <svg
              aria-hidden="true"
              class="MuiSvgIcon-root MuiSvgIcon-fontSizeMedium css-mocked-MuiSvgIcon-root"
              data-testid="KeyboardArrowRightIcon"
              focusable="false"
              viewBox="0 0 24 24"
            >
              <path
                d="M8.59 16.34l4.58-4.59-4.58-4.59L10 5.75l6 6-6 6z"
              />
            </svg>
          </button>
        </div>
      </div>
    </div>
  </div>
</div>
`;
